
Merging program properties


Discarded input sections

 .text          0x0000000000000000        0x0 build/fpkg.o
 .comment       0x0000000000000000       0x2c build/fpkg.o
 .note.GNU-stack
                0x0000000000000000        0x0 build/fpkg.o
 .note.gnu.property
                0x0000000000000000       0x20 build/fpkg.o
 .eh_frame      0x0000000000000000      0x1b8 build/fpkg.o
 .text          0x0000000000000000        0x0 build/fself.o
 .comment       0x0000000000000000       0x2c build/fself.o
 .note.GNU-stack
                0x0000000000000000        0x0 build/fself.o
 .note.gnu.property
                0x0000000000000000       0x20 build/fself.o
 .eh_frame      0x0000000000000000      0x170 build/fself.o
 .text          0x0000000000000000        0x7 build/main.o
 .comment       0x0000000000000000       0x2c build/main.o
 .note.GNU-stack
                0x0000000000000000        0x0 build/main.o
 .note.gnu.property
                0x0000000000000000       0x20 build/main.o
 .eh_frame      0x0000000000000000       0x58 build/main.o
 .text          0x0000000000000000        0x0 build/patch.o
 .comment       0x0000000000000000       0x2c build/patch.o
 .note.GNU-stack
                0x0000000000000000        0x0 build/patch.o
 .note.gnu.property
                0x0000000000000000       0x20 build/patch.o
 .eh_frame      0x0000000000000000      0x220 build/patch.o

Memory Configuration

Name             Origin             Length             Attributes
*default*        0x0000000000000000 0xffffffffffffffff

Linker script and memory map

LOAD build/fpkg.o
LOAD build/fself.o
LOAD build/main.o
LOAD build/patch.o
                0x0000000000000000                . = 0x0

.payload_header
                0x0000000000000000       0x10
 *(.payload_header)
 .payload_header
                0x0000000000000000       0x10 build/main.o
                0x0000000000000000                payload_header

.payload_code   0x0000000000000010     0x16e8
 *(.payload_code)
 .payload_code  0x0000000000000010      0x706 build/fpkg.o
                0x0000000000000010                my_sceSblKeymgrSetKeyStorage__sceSblDriverSendMsg
                0x0000000000000102                my_mountpfs__sceSblPfsSetKeys
                0x0000000000000588                my_sceSblKeymgrSmCallfunc_npdrm_decrypt_rif_new
                0x0000000000000619                my_sceSblKeymgrSmCallfunc_npdrm_decrypt_isolated_rif
                0x000000000000066a                install_fpkg_hooks
 .payload_code  0x0000000000000716      0x579 build/fself.o
                0x000000000000074f                my_sceSblAuthMgrVerifyHeader
                0x0000000000000859                my_sceSblAuthMgrIsLoadable__sceSblACMgrGetPathId
                0x00000000000008a5                my_sceSblAuthMgrSmLoadSelfSegment__sceSblServiceMailbox
                0x00000000000008fd                my_sceSblAuthMgrIsLoadable2
                0x0000000000000ac0                my_sceSblAuthMgrSmLoadSelfBlock__sceSblServiceMailbox
                0x0000000000000be3                install_fself_hooks
 .payload_code  0x0000000000000c8f      0x2a9 build/main.o
                0x0000000000000c8f                resolve_kdlsym
                0x0000000000000f17                my_entrypoint
 .payload_code  0x0000000000000f38      0x7c0 build/patch.o
                0x000000000000119a                shellcore_fpkg_patch
                0x00000000000013ba                shellui_patch
                0x0000000000001583                apply_patches
                0x000000000000158c                remoteplay_patch
                0x0000000000001634                set_dipsw
                0x000000000000168d                restore_retail_dipsw
                0x0000000000001695                patch_debug_dipsw
                0x00000000000016a0                install_patches

.payload_data   0x0000000000001700      0x520
 *(.payload_rdata .rodata*)
 .payload_rdata
                0x0000000000001700      0x2a0 build/fpkg.o
 .rodata.str1.1
                0x00000000000019a0        0xc build/fself.o
 *fill*         0x00000000000019ac       0x14 
 .payload_rdata
                0x00000000000019c0      0x128 build/fself.o
 .rodata.str1.1
                0x0000000000001ae8       0xeb build/patch.o
 *fill*         0x0000000000001bd3        0xd 
 .rodata        0x0000000000001be0       0x40 build/patch.o

.payload_data
 *(.payload_data)

.payload_bss    0x0000000000001c20      0x168
 *(.payload_bss)
 .payload_bss   0x0000000000001c20      0x168 build/main.o
                0x0000000000001c20                proc_rwmem
                0x0000000000001c28                vm_map_lookup_entry
                0x0000000000001c30                vm_map_unlock_read
                0x0000000000001c38                vm_map_lock_read
                0x0000000000001c40                vmspace_free
                0x0000000000001c48                vmspace_acquire_ref
                0x0000000000001c50                sceSblKeymgrSmCallfunc
                0x0000000000001c58                sceSblKeymgrCleartKey
                0x0000000000001c60                sceSblKeymgrSetKeyForPfs
                0x0000000000001c68                sceSblKeymgrSetKeyStorage
                0x0000000000001c70                sceSblPfsSetKeys
                0x0000000000001c78                sceSblDriverSendMsg_0
                0x0000000000001c80                AesCbcCfb128Decrypt
                0x0000000000001c88                AesCbcCfb128Encrypt
                0x0000000000001c90                Sha256Hmac
                0x0000000000001c98                RsaesPkcs1v15Dec2048CRT
                0x0000000000001ca0                sceSblAuthMgrVerifyHeader
                0x0000000000001ca8                _sceSblAuthMgrSmStart
                0x0000000000001cb0                _sceSblAuthMgrGetSelfInfo
                0x0000000000001cb8                sceSblAuthMgrSmIsLoadable2
                0x0000000000001cc0                sceSblServiceMailbox
                0x0000000000001cc8                sceSblACMgrGetPathId
                0x0000000000001cd0                FPU_CTX
                0x0000000000001cd8                SBL_KEYMGR_BUF_GVA
                0x0000000000001ce0                SBL_KEYMGR_BUF_VA
                0x0000000000001ce8                SBL_KEYMGR_KEY_RBTREE
                0x0000000000001cf0                SBL_KEYMGR_KEY_SLOTS
                0x0000000000001cf8                SBL_PFS_SX
                0x0000000000001d00                SBL_DRIVER_MAPPED_PAGES
                0x0000000000001d08                ALLPROC
                0x0000000000001d10                MINI_SYSCORE_SELF_BINARY
                0x0000000000001d18                M_TEMP
                0x0000000000001d20                eventhandler_register
                0x0000000000001d28                printf
                0x0000000000001d30                strlen
                0x0000000000001d38                memset
                0x0000000000001d40                memcpy
                0x0000000000001d48                fpu_kern_leave
                0x0000000000001d50                fpu_kern_enter
                0x0000000000001d58                strstr
                0x0000000000001d60                free
                0x0000000000001d68                malloc
                0x0000000000001d70                _sx_xunlock
                0x0000000000001d78                _sx_xlock
                0x0000000000001d80                memcmp
                0x0000000000100000                . = 0x100000

.data           0x0000000000100000        0x0
 *(.data)
 .data          0x0000000000100000        0x0 build/fpkg.o
 .data          0x0000000000100000        0x0 build/fself.o
 .data          0x0000000000100000        0x0 build/main.o
 .data          0x0000000000100000        0x0 build/patch.o

.bss            0x0000000000100000        0x0
 *(.bss)
 .bss           0x0000000000100000        0x0 build/fpkg.o
 .bss           0x0000000000100000        0x0 build/fself.o
 .bss           0x0000000000100000        0x0 build/main.o
 .bss           0x0000000000100000        0x0 build/patch.o

/DISCARD/
 *(*)
OUTPUT(temp.t elf64-x86-64)
