
Merging program properties

Removed property 0xc0000002 to merge build/ddebug.o (0x3) and /tmp/ccf36X9Z.o (not found)
Removed property 0xc0000002 to merge build/ddebug.o (not found) and build/main.o (0x3)
Removed property 0xc0000002 to merge build/ddebug.o (not found) and build/ps4.o (0x3)

Discarded input sections

 .data          0x0000000000000000        0x0 /tmp/ccf36X9Z.o
 .bss           0x0000000000000000        0x0 /tmp/ccf36X9Z.o
 .data          0x0000000000000000        0x0 /tmp/cc3v7XLd.o
 .bss           0x0000000000000000        0x0 /tmp/cc3v7XLd.o
 .text          0x0000000000000000        0x0 build/ddebug.o
 .data          0x0000000000000000        0x0 build/ddebug.o
 .bss           0x0000000000000000        0x0 build/ddebug.o
 .comment       0x0000000000000000       0x2c build/ddebug.o
 .note.GNU-stack
                0x0000000000000000        0x0 build/ddebug.o
 .note.gnu.property
                0x0000000000000000       0x20 build/ddebug.o
 .text          0x0000000000000000        0x0 build/embed.o
 .data          0x0000000000000000        0x0 build/embed.o
 .bss           0x0000000000000000        0x0 build/embed.o
 .text          0x0000000000000000        0x0 build/main.o
 .data          0x0000000000000000        0x0 build/main.o
 .bss           0x0000000000000000        0x0 build/main.o
 .bss.sock      0x0000000000000000        0x4 build/main.o
 .comment       0x0000000000000000       0x2c build/main.o
 .note.GNU-stack
                0x0000000000000000        0x0 build/main.o
 .note.gnu.property
                0x0000000000000000       0x20 build/main.o
 .eh_frame      0x0000000000000000       0xd0 build/main.o
 .data          0x0000000000000000        0x0 build/ps4.o
 .bss           0x0000000000000000        0x0 build/ps4.o
 .comment       0x0000000000000000       0x2c build/ps4.o
 .note.GNU-stack
                0x0000000000000000        0x0 build/ps4.o
 .note.gnu.property
                0x0000000000000000       0x20 build/ps4.o
 .eh_frame      0x0000000000000000       0x88 build/ps4.o

Memory Configuration

Name             Origin             Length             Attributes
*default*        0x0000000000000000 0xffffffffffffffff

Linker script and memory map

LOAD /tmp/ccf36X9Z.o
LOAD /tmp/cc3v7XLd.o
LOAD build/ddebug.o
LOAD build/embed.o
LOAD build/main.o
LOAD build/ps4.o

.text           0x0000000000000000      0x3e6
 *(.text.start)
 *(.text*)
 .text          0x0000000000000000        0x5 /tmp/ccf36X9Z.o
                0x0000000000000000                _start
 .text          0x0000000000000005       0x2e /tmp/cc3v7XLd.o
                0x0000000000000005                syscall
                0x0000000000000008                syscall_macro
 .text.install_payload
                0x0000000000000033      0x162 build/main.o
                0x0000000000000033                install_payload
 .text.notify   0x0000000000000195       0x3b build/main.o
                0x0000000000000195                notify
 .text._main    0x00000000000001d0       0xb2 build/main.o
                0x00000000000001d0                _main
 .text          0x0000000000000282       0x30 build/ps4.o
                0x0000000000000282                unlink
                0x000000000000028e                kexec
                0x000000000000029a                mkdir
                0x00000000000002a6                getFunctionAddressByName
 .text.loadModule
                0x00000000000002b2       0x1e build/ps4.o
                0x00000000000002b2                loadModule
 .text.initKernel
                0x00000000000002d0       0x82 build/ps4.o
                0x00000000000002d0                initKernel
 .text.initLibc
                0x0000000000000352       0x60 build/ps4.o
                0x0000000000000352                initLibc
 .text.initSysUtil
                0x00000000000003b2       0x34 build/ps4.o
                0x00000000000003b2                initSysUtil

.plt            0x00000000000003f0        0x0
 .plt           0x00000000000003f0        0x0 /tmp/ccf36X9Z.o

.plt.got        0x00000000000003e8        0x0
 .plt.got       0x00000000000003e8        0x0 /tmp/ccf36X9Z.o

.rodata         0x00000000000003e8     0x1d64
 *(.rodata)
 .rodata        0x00000000000003e8     0x1c24 build/embed.o
                0x00000000000003e8                kpayload
                0x0000000000002008                kpayload_size
 *(.rodata*)
 .rodata.notify.str1.1
                0x000000000000200c        0x3 build/main.o
 .rodata._main.str1.1
                0x000000000000200f       0x6a build/main.o
 .rodata.initKernel.str1.1
                0x0000000000002079       0x56 build/ps4.o
 .rodata.initLibc.str1.1
                0x00000000000020cf       0x2e build/ps4.o
 .rodata.initSysUtil.str1.1
                0x00000000000020fd       0x4f build/ps4.o

.gnu.version_d  0x0000000000002150        0x0
 .gnu.version_d
                0x0000000000002150        0x0 /tmp/ccf36X9Z.o

.gnu.version    0x000000000000214c        0x0
 .gnu.version   0x000000000000214c        0x0 /tmp/ccf36X9Z.o

.gnu.version_r  0x0000000000002150        0x0
 .gnu.version_r
                0x0000000000002150        0x0 /tmp/ccf36X9Z.o

.dynsym         0x0000000000002150       0x18
 .dynsym        0x0000000000002150       0x18 /tmp/ccf36X9Z.o

.dynstr         0x0000000000002168        0x1
 .dynstr        0x0000000000002168        0x1 /tmp/ccf36X9Z.o

.gnu.hash       0x0000000000002170       0x1c
 .gnu.hash      0x0000000000002170       0x1c /tmp/ccf36X9Z.o

.eh_frame_hdr   0x000000000000218c        0x0
 .eh_frame_hdr  0x000000000000218c        0x0 build/main.o

.rela.dyn       0x0000000000002190        0x0
 .rela.plt      0x0000000000002190        0x0 /tmp/ccf36X9Z.o
 .rela.got      0x0000000000002190        0x0 /tmp/ccf36X9Z.o
 .rela.bss      0x0000000000002190        0x0 /tmp/ccf36X9Z.o
 .rela.data.rel.ro
                0x0000000000002190        0x0 /tmp/ccf36X9Z.o
 .rela.ifunc    0x0000000000002190        0x0 /tmp/ccf36X9Z.o

.data
 *(.data)

.dynamic        0x0000000000002190       0xe0
 .dynamic       0x0000000000002190       0xe0 /tmp/ccf36X9Z.o
                0x0000000000002190                _DYNAMIC

.got            0x0000000000002270        0x0
 .got           0x0000000000002270        0x0 /tmp/ccf36X9Z.o

.got.plt        0x0000000000002270        0x0
 .got.plt       0x0000000000002270        0x0 /tmp/ccf36X9Z.o

.data.rel.ro    0x0000000000002270        0x0
 .data.rel.ro   0x0000000000002270        0x0 /tmp/ccf36X9Z.o

.bss
 *(.bss)

.dynbss         0x0000000000002270        0x0
 .dynbss        0x0000000000002270        0x0 /tmp/ccf36X9Z.o

.bss.sceSysUtilSendSystemNotificationWithText
                0x0000000000002270        0x8
 .bss.sceSysUtilSendSystemNotificationWithText
                0x0000000000002270        0x8 build/ps4.o
                0x0000000000002270                sceSysUtilSendSystemNotificationWithText

.bss.sprintf    0x0000000000002278        0x8
 .bss.sprintf   0x0000000000002278        0x8 build/ps4.o
                0x0000000000002278                sprintf

.bss.memcpy     0x0000000000002280        0x8
 .bss.memcpy    0x0000000000002280        0x8 build/ps4.o
                0x0000000000002280                memcpy

.bss.memset     0x0000000000002288        0x8
 .bss.memset    0x0000000000002288        0x8 build/ps4.o
                0x0000000000002288                memset

.bss.sceKernelLoadStartModule
                0x0000000000002290        0x8
 .bss.sceKernelLoadStartModule
                0x0000000000002290        0x8 build/ps4.o
                0x0000000000002290                sceKernelLoadStartModule

.bss.__error    0x0000000000002298        0x8
 .bss.__error   0x0000000000002298        0x8 build/ps4.o
                0x0000000000002298                __error

/DISCARD/
 *(.comment)
 *(.note.GNU-stack)
 *(.eh_frame)
 *(.interp)
OUTPUT(temp.t elf64-x86-64)
